
2026-02-17 10:44:11,784 - Bronze Layer Job Started
2026-02-17 10:44:14,994 - Processing customers
2026-02-17 10:44:22,343 - customers rows read: 60000
2026-02-17 10:44:23,913 - customers rows after deduplication: 0
2026-02-17 10:44:25,709 - customers written to Bronze as parquet
2026-02-17 10:44:25,709 - Processing products
2026-02-17 10:44:25,936 - products rows read: 5000
2026-02-17 10:44:27,199 - products rows after deduplication: 5000
2026-02-17 10:44:28,252 - products written to Bronze as parquet
2026-02-17 10:44:28,252 - Processing transactions
2026-02-17 10:44:28,561 - transactions rows read: 152000
2026-02-17 10:44:30,144 - transactions rows after deduplication: 150000
2026-02-17 10:44:42,482 - transactions written to Bronze as parquet
2026-02-17 10:44:42,482 - Bronze Layer Completed Successfully
2026-02-17 10:44:42,482 - --------------------------------------------------
2026-02-17 10:44:43,110 - Closing down clientserver connection
2026-02-17 11:06:30,174 - Bronze Layer Job Started
2026-02-17 11:06:36,566 - Processing customers
2026-02-17 11:06:52,715 - customers rows read: 60000
2026-02-17 11:06:57,469 - customers rows after deduplication: 0
2026-02-17 11:06:59,948 - customers written to Bronze as parquet
2026-02-17 11:06:59,948 - Processing products
2026-02-17 11:07:00,403 - products rows read: 5000
2026-02-17 11:07:01,818 - products rows after deduplication: 5000
2026-02-17 11:07:03,249 - products written to Bronze as parquet
2026-02-17 11:07:03,250 - Processing transactions
2026-02-17 11:07:03,631 - transactions rows read: 152000
2026-02-17 11:07:05,498 - transactions rows after deduplication: 150000
2026-02-17 11:07:18,814 - transactions written to Bronze as parquet
2026-02-17 11:07:18,814 - Bronze Layer Completed Successfully
2026-02-17 11:07:18,814 - --------------------------------------------------
2026-02-17 11:07:19,117 - Closing down clientserver connection
2026-02-17 11:13:46,051 - Bronze Layer Job Started
2026-02-17 11:13:50,303 - Processing customers
2026-02-17 11:13:57,721 - customers rows read: 60000
2026-02-17 11:13:59,701 - customers rows after deduplication: 0
2026-02-17 11:14:03,150 - customers written to Bronze as parquet and csv
2026-02-17 11:14:03,150 - Processing products
2026-02-17 11:14:03,405 - products rows read: 5000
2026-02-17 11:14:04,605 - products rows after deduplication: 5000
2026-02-17 11:14:07,005 - products written to Bronze as parquet and csv
2026-02-17 11:14:07,006 - Processing transactions
2026-02-17 11:14:07,628 - transactions rows read: 152000
2026-02-17 11:14:11,858 - transactions rows after deduplication: 150000
2026-02-17 11:14:28,661 - transactions written to Bronze as parquet and csv
2026-02-17 11:14:28,661 - Bronze Layer Completed Successfully
2026-02-17 11:14:28,661 - --------------------------------------------------
2026-02-17 11:14:29,023 - Closing down clientserver connection
